
> pandiver@0.1.0 dev
> next dev -p 3000

  ▲ Next.js 14.2.5
  - Local:        http://localhost:3000
  - Experiments (use with caution):
    · esmExternals

 ✓ Starting...
 ✓ Ready in 1318ms
 ○ Compiling / ...
 ✓ Compiled / in 1970ms (570 modules)
 GET / 200 in 2093ms
 ✓ Compiled in 143ms (275 modules)
 GET / 200 in 34ms
 ✓ Compiled /auth/signup in 222ms (555 modules)
 ✓ Compiled /dashboard in 132ms (561 modules)
 ○ Compiling /dashboard/bank-statement-parser ...
 ✓ Compiled /dashboard/bank-statement-parser in 524ms (646 modules)
 GET / 200 in 507ms
 GET / 200 in 42ms
 GET / 200 in 47ms
 ✓ Compiled in 5.2s (660 modules)
 ✓ Compiled in 519ms (660 modules)
 GET / 200 in 219ms
 GET / 200 in 182ms
 ✓ Compiled /auth/login in 417ms (652 modules)
 ✓ Compiled in 879ms (666 modules)
 ✓ Compiled in 834ms (666 modules)
 ⨯ ./src/app/dashboard/bank-statement-parser/page.tsx:7:1
Module not found: Can't resolve 'lucide-react'
[0m [90m  5 |[39m [36mimport[39m [33mImage[39m [36mfrom[39m [32m'next/image'[39m[33m;[39m[0m
[0m [90m  6 |[39m [36mimport[39m { [33mDocument[39m[33m,[39m [33mPage[39m[33m,[39m pdfjs } [36mfrom[39m [32m'react-pdf'[39m[33m;[39m[0m
[0m[31m[1m>[22m[39m[90m  7 |[39m [36mimport[39m { [33mCheckCircle[39m[33m,[39m [33mSettings[39m[33m,[39m [33mDatabase[39m[33m,[39m [33mZap[39m[33m,[39m [33mBrain[39m } [36mfrom[39m [32m'lucide-react'[39m[33m;[39m[0m
[0m [90m    |[39m [31m[1m^[22m[39m[0m
[0m [90m  8 |[39m pdfjs[33m.[39m[33mGlobalWorkerOptions[39m[33m.[39mworkerSrc [33m=[39m [32m'/js/pdf.worker.min.js'[39m[33m;[39m[0m
[0m [90m  9 |[39m[0m
[0m [90m 10 |[39m [90m// Export as dynamic component to avoid SSR issues with DOMMatrix[39m[0m

https://nextjs.org/docs/messages/module-not-found
 ⨯ ./src/app/dashboard/bank-statement-parser/page.tsx:7:1
Module not found: Can't resolve 'lucide-react'
[0m [90m  5 |[39m [36mimport[39m [33mImage[39m [36mfrom[39m [32m'next/image'[39m[33m;[39m[0m
[0m [90m  6 |[39m [36mimport[39m { [33mDocument[39m[33m,[39m [33mPage[39m[33m,[39m pdfjs } [36mfrom[39m [32m'react-pdf'[39m[33m;[39m[0m
[0m[31m[1m>[22m[39m[90m  7 |[39m [36mimport[39m { [33mCheckCircle[39m[33m,[39m [33mSettings[39m[33m,[39m [33mDatabase[39m[33m,[39m [33mZap[39m[33m,[39m [33mBrain[39m } [36mfrom[39m [32m'lucide-react'[39m[33m;[39m[0m
[0m [90m    |[39m [31m[1m^[22m[39m[0m
[0m [90m  8 |[39m pdfjs[33m.[39m[33mGlobalWorkerOptions[39m[33m.[39mworkerSrc [33m=[39m [32m'/js/pdf.worker.min.js'[39m[33m;[39m[0m
[0m [90m  9 |[39m[0m
[0m [90m 10 |[39m [90m// Export as dynamic component to avoid SSR issues with DOMMatrix[39m[0m

https://nextjs.org/docs/messages/module-not-found
 ⨯ ./src/app/dashboard/bank-statement-parser/page.tsx:7:1
Module not found: Can't resolve 'lucide-react'
[0m [90m  5 |[39m [36mimport[39m [33mImage[39m [36mfrom[39m [32m'next/image'[39m[33m;[39m[0m
[0m [90m  6 |[39m [36mimport[39m { [33mDocument[39m[33m,[39m [33mPage[39m[33m,[39m pdfjs } [36mfrom[39m [32m'react-pdf'[39m[33m;[39m[0m
[0m[31m[1m>[22m[39m[90m  7 |[39m [36mimport[39m { [33mCheckCircle[39m[33m,[39m [33mSettings[39m[33m,[39m [33mDatabase[39m[33m,[39m [33mZap[39m[33m,[39m [33mBrain[39m } [36mfrom[39m [32m'lucide-react'[39m[33m;[39m[0m
[0m [90m    |[39m [31m[1m^[22m[39m[0m
[0m [90m  8 |[39m pdfjs[33m.[39m[33mGlobalWorkerOptions[39m[33m.[39mworkerSrc [33m=[39m [32m'/js/pdf.worker.min.js'[39m[33m;[39m[0m
[0m [90m  9 |[39m[0m
[0m [90m 10 |[39m [90m// Export as dynamic component to avoid SSR issues with DOMMatrix[39m[0m

https://nextjs.org/docs/messages/module-not-found
 ⨯ ./src/app/dashboard/bank-statement-parser/page.tsx
Error: 
  [31mx[0m Unexpected token `div`. Expected jsx identifier
     ,-[[36;1;4m/Users/ameetmund/Tech/Project/pandiver-new.git/pandiver-new/frontend/src/app/dashboard/bank-statement-parser/page.tsx[0m:903:1]
 [2m903[0m |   }
 [2m904[0m | 
 [2m905[0m |   return (
 [2m906[0m |     <div className="min-h-screen bg-[#FFFEFC] text-[#0D0D0C]">
     : [31;1m     ^^^[0m
 [2m907[0m |       {/* Header */}
 [2m908[0m |       <nav className="bg-[#FFFEFC] py-4 px-4 md:px-16 border-b border-gray-200">
 [2m909[0m |         <div className="max-w-[1312px] mx-auto flex items-center justify-between">
     `----

Caused by:
    Syntax Error

Import trace for requested module:
./src/app/dashboard/bank-statement-parser/page.tsx
 ⨯ ./src/app/dashboard/bank-statement-parser/page.tsx:7:1
Module not found: Can't resolve 'lucide-react'
[0m [90m  5 |[39m [36mimport[39m [33mImage[39m [36mfrom[39m [32m'next/image'[39m[33m;[39m[0m
[0m [90m  6 |[39m [36mimport[39m { [33mDocument[39m[33m,[39m [33mPage[39m[33m,[39m pdfjs } [36mfrom[39m [32m'react-pdf'[39m[33m;[39m[0m
[0m[31m[1m>[22m[39m[90m  7 |[39m [36mimport[39m { [33mCheckCircle[39m[33m,[39m [33mSettings[39m[33m,[39m [33mDatabase[39m[33m,[39m [33mZap[39m[33m,[39m [33mBrain[39m } [36mfrom[39m [32m'lucide-react'[39m[33m;[39m[0m
[0m [90m    |[39m [31m[1m^[22m[39m[0m
[0m [90m  8 |[39m pdfjs[33m.[39m[33mGlobalWorkerOptions[39m[33m.[39mworkerSrc [33m=[39m [32m'/js/pdf.worker.min.js'[39m[33m;[39m[0m
[0m [90m  9 |[39m[0m
[0m [90m 10 |[39m [90m// Export as dynamic component to avoid SSR issues with DOMMatrix[39m[0m

https://nextjs.org/docs/messages/module-not-found
 ✓ Compiled in 459ms (672 modules)
 ✓ Compiled in 224ms (334 modules)
[?25h
