
> pandiver@0.1.0 dev
> next dev -p 3000

  ▲ Next.js 14.2.5
  - Local:        http://localhost:3000
  - Experiments (use with caution):
    · esmExternals

 ✓ Starting...
 ✓ Ready in 1611ms
 ○ Compiling / ...
 ✓ Compiled / in 2.1s (570 modules)
 GET / 200 in 2283ms
 ✓ Compiled in 100ms (275 modules)
 ○ Compiling /dashboard/bank-statement-parser ...
 ✓ Compiled /dashboard/bank-statement-parser in 756ms (656 modules)
Warning: Please use the `legacy` build in Node.js environments.
 ⨯ ReferenceError: DOMMatrix is not defined
    at __webpack_require__ (/Users/ameetmund/Tech/Project/pandiver-new.git/pandiver-new/frontend/.next/server/webpack-runtime.js:33:42)
    at eval (./src/components/pdf/ManualBankStatementParser.tsx:9:67)
    at (ssr)/./src/components/pdf/ManualBankStatementParser.tsx (/Users/ameetmund/Tech/Project/pandiver-new.git/pandiver-new/frontend/.next/server/app/dashboard/bank-statement-parser/page.js:173:1)
    at __webpack_require__ (/Users/ameetmund/Tech/Project/pandiver-new.git/pandiver-new/frontend/.next/server/webpack-runtime.js:33:42)
    at eval (./src/app/dashboard/bank-statement-parser/page.tsx:11:99)
    at (ssr)/./src/app/dashboard/bank-statement-parser/page.tsx (/Users/ameetmund/Tech/Project/pandiver-new.git/pandiver-new/frontend/.next/server/app/dashboard/bank-statement-parser/page.js:162:1)
    at Object.__webpack_require__ [as require] (/Users/ameetmund/Tech/Project/pandiver-new.git/pandiver-new/frontend/.next/server/webpack-runtime.js:33:42)
    at JSON.parse (<anonymous>)
digest: "2102241959"
 GET /dashboard/bank-statement-parser 500 in 878ms
 ✓ Compiled in 410ms (670 modules)
 ✓ Compiled in 389ms (670 modules)
 ✓ Compiled in 382ms (666 modules)
 GET /dashboard/bank-statement-parser 200 in 75ms
 ✓ Compiled /auth/login in 220ms (660 modules)
 GET /auth/login 200 in 290ms
 GET /dashboard/bank-statement-parser 200 in 103ms
 ✓ Compiled / in 192ms (286 modules)
 GET / 200 in 290ms
 ✓ Compiled /auth/login in 64ms (291 modules)
 ✓ Compiled /dashboard in 299ms (615 modules)
 ✓ Compiled /dashboard/bank-statement-parser in 142ms (350 modules)
 ✓ Compiled in 1804ms (676 modules)
 ✓ Compiled in 443ms (676 modules)
 ✓ Compiled in 326ms (676 modules)
 ✓ Compiled in 398ms (676 modules)
 ✓ Compiled in 415ms (676 modules)
 ✓ Compiled in 703ms (676 modules)
 ✓ Compiled in 348ms (676 modules)
 ✓ Compiled in 360ms (676 modules)
 ✓ Compiled in 681ms (676 modules)
 ✓ Compiled in 306ms (676 modules)
 ✓ Compiled in 338ms (676 modules)
 ✓ Compiled in 315ms (676 modules)
 ✓ Compiled in 379ms (676 modules)
 ✓ Compiled in 665ms (676 modules)
 ✓ Compiled in 293ms (676 modules)
 GET /dashboard/bank-statement-parser 200 in 372ms
 ✓ Compiled / in 229ms (346 modules)
 GET / 200 in 303ms
 ✓ Compiled /dashboard in 151ms (350 modules)
 ✓ Compiled in 1369ms (676 modules)
 ✓ Compiled in 428ms (676 modules)
 ✓ Compiled in 707ms (676 modules)
 ✓ Compiled in 313ms (676 modules)
 ✓ Compiled in 542ms (676 modules)
 ✓ Compiled / in 232ms (346 modules)
 GET / 200 in 377ms
 GET / 200 in 50ms
 GET / 200 in 64ms
 ✓ Compiled /dashboard in 190ms (350 modules)
 ✓ Compiled in 1290ms (676 modules)
 ✓ Compiled in 407ms (676 modules)
 ✓ Compiled in 566ms (676 modules)
 ✓ Compiled in 510ms (676 modules)
 ✓ Compiled / in 282ms (346 modules)
 GET / 200 in 382ms
 GET / 200 in 54ms
 ✓ Compiled /dashboard in 168ms (350 modules)
 ✓ Compiled in 1273ms (676 modules)
 ✓ Compiled in 398ms (676 modules)
 ✓ Compiled in 343ms (676 modules)
 ○ Compiling / ...
 ✓ Compiled / in 518ms (346 modules)
 GET / 200 in 676ms
 ✓ Compiled /dashboard in 194ms (350 modules)
 GET /auth/login 200 in 117ms
 ✓ Compiled in 1921ms (676 modules)
 ✓ Compiled in 1335ms (676 modules)
 ✓ Compiled in 801ms (676 modules)
 ✓ Compiled in 910ms (676 modules)
 ✓ Compiled in 586ms (676 modules)
 ✓ Compiled in 362ms (676 modules)
 ✓ Compiled in 566ms (676 modules)
 ✓ Compiled in 598ms (676 modules)
 ✓ Compiled in 271ms (676 modules)
 ✓ Compiled in 965ms (676 modules)
 ✓ Compiled in 591ms (676 modules)
 ✓ Compiled in 482ms (676 modules)
 ✓ Compiled / in 227ms (346 modules)
 GET / 200 in 374ms
 ✓ Compiled /dashboard in 74ms (350 modules)
 GET / 200 in 363ms
 GET /auth/login 200 in 176ms
 ✓ Compiled in 1643ms (676 modules)
 ✓ Compiled in 782ms (676 modules)
 ✓ Compiled in 1146ms (676 modules)
 ✓ Compiled in 428ms (676 modules)
 ✓ Compiled in 1064ms (680 modules)
 ✓ Compiled in 596ms (680 modules)
 ✓ Compiled in 301ms (680 modules)
 ✓ Compiled / in 198ms (347 modules)
 GET / 200 in 328ms
 ✓ Compiled /dashboard in 73ms (351 modules)
 GET /dashboard/bank-statement-parser 200 in 231ms
 GET /dashboard/bank-statement-parser 200 in 51ms
 ✓ Compiled in 1776ms (680 modules)
 ✓ Compiled in 558ms (680 modules)
 ✓ Compiled in 298ms (680 modules)
 ✓ Compiled in 333ms (680 modules)
 ✓ Compiled in 481ms (680 modules)
 ✓ Compiled in 527ms (680 modules)
 ✓ Compiled in 866ms (680 modules)
 ✓ Compiled in 755ms (680 modules)
 ✓ Compiled in 427ms (680 modules)
 ✓ Compiled in 427ms (680 modules)
 ✓ Compiled / in 214ms (347 modules)
 GET / 200 in 354ms
 ✓ Compiled /dashboard in 49ms (351 modules)
 GET /auth/login 200 in 137ms
 GET / 200 in 386ms
 GET / 200 in 202ms
 GET /auth/login 200 in 150ms
 GET /dashboard/bank-statement-parser 200 in 124ms
 GET /dashboard/bank-statement-parser 200 in 46ms
 GET /dashboard/bank-statement-parser 200 in 31ms
 GET /dashboard/bank-statement-parser 200 in 37ms
 GET /dashboard/bank-statement-parser 200 in 40ms
 GET /dashboard/bank-statement-parser 200 in 44ms
 GET /dashboard/bank-statement-parser 200 in 41ms
 GET /dashboard/bank-statement-parser 200 in 44ms
 GET /dashboard/bank-statement-parser 200 in 22ms
 GET /dashboard/bank-statement-parser 200 in 36ms
 GET /dashboard/bank-statement-parser 200 in 28ms
 GET /dashboard/bank-statement-parser 200 in 29ms
 GET /dashboard/bank-statement-parser 200 in 141ms
 GET /auth/login 200 in 29ms
 GET /dashboard/bank-statement-parser 200 in 33ms
 GET /dashboard/bank-statement-parser 200 in 59ms
 GET /dashboard/bank-statement-parser 200 in 36ms
 ✓ Compiled in 1342ms (337 modules)
 ✓ Compiled in 898ms (666 modules)
 ✓ Compiled in 782ms (337 modules)
 ✓ Compiled in 175ms (337 modules)
 ✓ Compiled / in 118ms (347 modules)
 GET / 200 in 255ms
 ✓ Compiled /dashboard in 98ms (351 modules)
 ✓ Compiled /dashboard/user-controlled-parser in 500ms (686 modules)
 GET /dashboard/user-controlled-parser 200 in 81ms
 GET /dashboard/user-controlled-parser 200 in 97ms
 GET /dashboard/user-controlled-parser 200 in 36ms
 ✓ Compiled in 1249ms (692 modules)
 ✓ Compiled in 366ms (692 modules)
 ✓ Compiled in 332ms (692 modules)
 ✓ Compiled in 414ms (692 modules)
 ✓ Compiled in 668ms (694 modules)
 ✓ Compiled in 519ms (694 modules)
 ✓ Compiled in 253ms (694 modules)
 GET /dashboard/user-controlled-parser 200 in 102ms
 ✓ Compiled / in 248ms (355 modules)
 GET / 200 in 331ms
 ✓ Compiled /dashboard in 71ms (359 modules)
 ✓ Compiled in 1563ms (698 modules)
 ✓ Compiled in 811ms (698 modules)
 ✓ Compiled in 289ms (698 modules)
 ✓ Compiled / in 68ms (359 modules)
 GET / 200 in 181ms
 GET /dashboard/user-controlled-parser 200 in 356ms
 GET /dashboard/user-controlled-parser 200 in 35ms
 GET /dashboard/user-controlled-parser 200 in 64ms
 GET / 200 in 65ms
 ✓ Compiled in 1707ms (698 modules)
 ✓ Compiled / in 128ms (359 modules)
 GET / 200 in 221ms
 ✓ Compiled in 1630ms (702 modules)
 ✓ Compiled in 2s (702 modules)
 ✓ Compiled in 1939ms (702 modules)
 GET / 200 in 156ms
 ✓ Compiled in 1939ms (702 modules)
 ✓ Compiled in 1967ms (702 modules)
 GET / 200 in 434ms
 ✓ Compiled in 2.1s (702 modules)
 ✓ Compiled in 627ms (702 modules)
 ✓ Compiled in 458ms (700 modules)
 ✓ Compiled in 363ms (700 modules)
 GET / 200 in 160ms
 ✓ Compiled in 1671ms (700 modules)
 ✓ Compiled in 439ms (700 modules)
 GET / 200 in 355ms
